[0.442s] DEBUG:colcon:Command line arguments: ['/home/bassdrumm/.platformio/penv/bin/colcon', 'build', '--symlink-install']
[0.443s] DEBUG:colcon:Parsed command line arguments: Namespace(log_base=None, log_level=None, verb_name='build', build_base='build', install_base='install', merge_install=False, symlink_install=True, test_result_base=None, continue_on_error=False, executor='parallel', parallel_workers=4, event_handlers=None, ignore_user_meta=False, metas=['./colcon.meta'], base_paths=['.'], packages_ignore=None, packages_ignore_regex=None, paths=None, packages_up_to=None, packages_up_to_regex=None, packages_above=None, packages_above_and_dependencies=None, packages_above_depth=None, packages_select_by_dep=None, packages_skip_by_dep=None, packages_skip_up_to=None, packages_select_build_failed=False, packages_skip_build_finished=False, packages_select_test_failures=False, packages_skip_test_passed=False, packages_select=None, packages_skip=None, packages_select_regex=None, packages_skip_regex=None, packages_start=None, packages_end=None, cmake_args=None, cmake_target=None, cmake_target_skip_unavailable=False, cmake_clean_cache=False, cmake_clean_first=False, cmake_force_configure=False, ament_cmake_args=None, catkin_cmake_args=None, catkin_skip_building_tests=False, verb_parser=<colcon_defaults.argument_parser.defaults.DefaultArgumentsDecorator object at 0x7f0940aee8f0>, verb_extension=<colcon_core.verb.build.BuildVerb object at 0x7f0940c7ff10>, main=<bound method BuildVerb.main of <colcon_core.verb.build.BuildVerb object at 0x7f0940c7ff10>>)
[0.705s] Level 1:colcon.colcon_core.package_discovery:discover_packages(colcon_meta) check parameters
[0.705s] Level 1:colcon.colcon_core.package_discovery:discover_packages(recursive) check parameters
[0.705s] Level 1:colcon.colcon_core.package_discovery:discover_packages(ignore) check parameters
[0.705s] Level 1:colcon.colcon_core.package_discovery:discover_packages(path) check parameters
[0.705s] Level 1:colcon.colcon_core.package_discovery:discover_packages(colcon_meta) discover
[0.705s] Level 1:colcon.colcon_core.package_discovery:discover_packages(recursive) discover
[0.705s] INFO:colcon.colcon_core.package_discovery:Crawling recursively for packages in '/home/bassdrumm/Documents/PlatformIO/Projects/motor_pd_controller/ros2_ws'
[0.705s] Level 1:colcon.colcon_core.package_identification:_identify(.) by extensions ['ignore', 'ignore_ament_install']
[0.705s] Level 1:colcon.colcon_core.package_identification:_identify(.) by extension 'ignore'
[0.705s] Level 1:colcon.colcon_core.package_identification:_identify(.) by extension 'ignore_ament_install'
[0.706s] Level 1:colcon.colcon_core.package_identification:_identify(.) by extensions ['colcon_pkg']
[0.706s] Level 1:colcon.colcon_core.package_identification:_identify(.) by extension 'colcon_pkg'
[0.706s] Level 1:colcon.colcon_core.package_identification:_identify(.) by extensions ['colcon_meta']
[0.706s] Level 1:colcon.colcon_core.package_identification:_identify(.) by extension 'colcon_meta'
[0.706s] Level 1:colcon.colcon_core.package_identification:_identify(.) by extensions ['ros']
[0.706s] Level 1:colcon.colcon_core.package_identification:_identify(.) by extension 'ros'
[0.755s] Level 1:colcon.colcon_core.package_identification:_identify(.) by extensions ['cmake', 'python']
[0.756s] Level 1:colcon.colcon_core.package_identification:_identify(.) by extension 'cmake'
[0.756s] Level 1:colcon.colcon_core.package_identification:_identify(.) by extension 'python'
[0.756s] Level 1:colcon.colcon_core.package_identification:_identify(.) by extensions ['python_setup_py']
[0.756s] Level 1:colcon.colcon_core.package_identification:_identify(.) by extension 'python_setup_py'
[0.756s] Level 1:colcon.colcon_core.package_identification:_identify(build) by extensions ['ignore', 'ignore_ament_install']
[0.756s] Level 1:colcon.colcon_core.package_identification:_identify(build) by extension 'ignore'
[0.756s] Level 1:colcon.colcon_core.package_identification:_identify(build) ignored
[0.756s] Level 1:colcon.colcon_core.package_identification:_identify(install) by extensions ['ignore', 'ignore_ament_install']
[0.756s] Level 1:colcon.colcon_core.package_identification:_identify(install) by extension 'ignore'
[0.756s] Level 1:colcon.colcon_core.package_identification:_identify(install) ignored
[0.756s] Level 1:colcon.colcon_core.package_identification:_identify(log) by extensions ['ignore', 'ignore_ament_install']
[0.757s] Level 1:colcon.colcon_core.package_identification:_identify(log) by extension 'ignore'
[0.757s] Level 1:colcon.colcon_core.package_identification:_identify(log) ignored
[0.757s] Level 1:colcon.colcon_core.package_identification:_identify(src) by extensions ['ignore', 'ignore_ament_install']
[0.757s] Level 1:colcon.colcon_core.package_identification:_identify(src) by extension 'ignore'
[0.757s] Level 1:colcon.colcon_core.package_identification:_identify(src) by extension 'ignore_ament_install'
[0.757s] Level 1:colcon.colcon_core.package_identification:_identify(src) by extensions ['colcon_pkg']
[0.757s] Level 1:colcon.colcon_core.package_identification:_identify(src) by extension 'colcon_pkg'
[0.757s] Level 1:colcon.colcon_core.package_identification:_identify(src) by extensions ['colcon_meta']
[0.757s] Level 1:colcon.colcon_core.package_identification:_identify(src) by extension 'colcon_meta'
[0.757s] Level 1:colcon.colcon_core.package_identification:_identify(src) by extensions ['ros']
[0.757s] Level 1:colcon.colcon_core.package_identification:_identify(src) by extension 'ros'
[0.757s] Level 1:colcon.colcon_core.package_identification:_identify(src) by extensions ['cmake', 'python']
[0.757s] Level 1:colcon.colcon_core.package_identification:_identify(src) by extension 'cmake'
[0.757s] Level 1:colcon.colcon_core.package_identification:_identify(src) by extension 'python'
[0.757s] Level 1:colcon.colcon_core.package_identification:_identify(src) by extensions ['python_setup_py']
[0.757s] Level 1:colcon.colcon_core.package_identification:_identify(src) by extension 'python_setup_py'
[0.757s] Level 1:colcon.colcon_core.package_identification:_identify(src/motor_controller) by extensions ['ignore', 'ignore_ament_install']
[0.758s] Level 1:colcon.colcon_core.package_identification:_identify(src/motor_controller) by extension 'ignore'
[0.758s] Level 1:colcon.colcon_core.package_identification:_identify(src/motor_controller) by extension 'ignore_ament_install'
[0.758s] Level 1:colcon.colcon_core.package_identification:_identify(src/motor_controller) by extensions ['colcon_pkg']
[0.758s] Level 1:colcon.colcon_core.package_identification:_identify(src/motor_controller) by extension 'colcon_pkg'
[0.758s] Level 1:colcon.colcon_core.package_identification:_identify(src/motor_controller) by extensions ['colcon_meta']
[0.758s] Level 1:colcon.colcon_core.package_identification:_identify(src/motor_controller) by extension 'colcon_meta'
[0.758s] Level 1:colcon.colcon_core.package_identification:_identify(src/motor_controller) by extensions ['ros']
[0.758s] Level 1:colcon.colcon_core.package_identification:_identify(src/motor_controller) by extension 'ros'
[0.763s] DEBUG:colcon.colcon_core.package_identification:Package 'src/motor_controller' with type 'ros.ament_python' and name 'motor_controller'
[0.763s] Level 1:colcon.colcon_core.package_discovery:discover_packages(recursive) using defaults
[0.763s] Level 1:colcon.colcon_core.package_discovery:discover_packages(ignore) discover
[0.763s] Level 1:colcon.colcon_core.package_discovery:discover_packages(ignore) using defaults
[0.763s] Level 1:colcon.colcon_core.package_discovery:discover_packages(path) discover
[0.763s] Level 1:colcon.colcon_core.package_discovery:discover_packages(path) using defaults
[0.799s] Level 5:colcon.colcon_core.verb:set package 'motor_controller' build argument 'cmake_args' from command line to 'None'
[0.799s] Level 5:colcon.colcon_core.verb:set package 'motor_controller' build argument 'cmake_target' from command line to 'None'
[0.799s] Level 5:colcon.colcon_core.verb:set package 'motor_controller' build argument 'cmake_target_skip_unavailable' from command line to 'False'
[0.799s] Level 5:colcon.colcon_core.verb:set package 'motor_controller' build argument 'cmake_clean_cache' from command line to 'False'
[0.799s] Level 5:colcon.colcon_core.verb:set package 'motor_controller' build argument 'cmake_clean_first' from command line to 'False'
[0.799s] Level 5:colcon.colcon_core.verb:set package 'motor_controller' build argument 'cmake_force_configure' from command line to 'False'
[0.799s] Level 5:colcon.colcon_core.verb:set package 'motor_controller' build argument 'ament_cmake_args' from command line to 'None'
[0.799s] Level 5:colcon.colcon_core.verb:set package 'motor_controller' build argument 'catkin_cmake_args' from command line to 'None'
[0.799s] Level 5:colcon.colcon_core.verb:set package 'motor_controller' build argument 'catkin_skip_building_tests' from command line to 'False'
[0.799s] DEBUG:colcon.colcon_core.verb:Building package 'motor_controller' with the following arguments: {'ament_cmake_args': None, 'build_base': '/home/bassdrumm/Documents/PlatformIO/Projects/motor_pd_controller/ros2_ws/build/motor_controller', 'catkin_cmake_args': None, 'catkin_skip_building_tests': False, 'cmake_args': None, 'cmake_clean_cache': False, 'cmake_clean_first': False, 'cmake_force_configure': False, 'cmake_target': None, 'cmake_target_skip_unavailable': False, 'install_base': '/home/bassdrumm/Documents/PlatformIO/Projects/motor_pd_controller/ros2_ws/install/motor_controller', 'merge_install': False, 'path': '/home/bassdrumm/Documents/PlatformIO/Projects/motor_pd_controller/ros2_ws/src/motor_controller', 'symlink_install': True, 'test_result_base': None}
[0.799s] INFO:colcon.colcon_core.executor:Executing jobs using 'parallel' executor
[0.800s] DEBUG:colcon.colcon_parallel_executor.executor.parallel:run_until_complete
[0.800s] INFO:colcon.colcon_ros.task.ament_python.build:Building ROS package in '/home/bassdrumm/Documents/PlatformIO/Projects/motor_pd_controller/ros2_ws/src/motor_controller' with build type 'ament_python'
[0.800s] Level 1:colcon.colcon_core.shell:create_environment_hook('motor_controller', 'ament_prefix_path')
[0.807s] INFO:colcon.colcon_core.plugin_system:Skipping extension 'colcon_core.shell.bat': Not used on non-Windows systems
[0.807s] INFO:colcon.colcon_core.shell:Creating environment hook '/home/bassdrumm/Documents/PlatformIO/Projects/motor_pd_controller/ros2_ws/install/motor_controller/share/motor_controller/hook/ament_prefix_path.ps1'
[0.809s] INFO:colcon.colcon_core.shell:Creating environment descriptor '/home/bassdrumm/Documents/PlatformIO/Projects/motor_pd_controller/ros2_ws/install/motor_controller/share/motor_controller/hook/ament_prefix_path.dsv'
[0.810s] INFO:colcon.colcon_core.shell:Creating environment hook '/home/bassdrumm/Documents/PlatformIO/Projects/motor_pd_controller/ros2_ws/install/motor_controller/share/motor_controller/hook/ament_prefix_path.sh'
[0.812s] INFO:colcon.colcon_core.shell:Skip shell extension 'powershell' for command environment: Not usable outside of PowerShell
[0.812s] DEBUG:colcon.colcon_core.shell:Skip shell extension 'dsv' for command environment
[1.296s] WARNING:colcon.colcon_ros.task.ament_python.build:Package 'motor_controller' doesn't explicitly install a marker in the package index (colcon-ros currently does it implicitly but that fallback will be removed in the future)
[1.297s] WARNING:colcon.colcon_ros.task.ament_python.build:Package 'motor_controller' doesn't explicitly install the 'package.xml' file (colcon-ros currently does it implicitly but that fallback will be removed in the future)
[1.297s] INFO:colcon.colcon_core.task.python.build:Building Python package in '/home/bassdrumm/Documents/PlatformIO/Projects/motor_pd_controller/ros2_ws/src/motor_controller'
[1.297s] INFO:colcon.colcon_core.shell:Skip shell extension 'powershell' for command environment: Not usable outside of PowerShell
[1.297s] DEBUG:colcon.colcon_core.shell:Skip shell extension 'dsv' for command environment
[2.192s] DEBUG:colcon.colcon_core.event_handler.log_command:Invoking command in '/home/bassdrumm/Documents/PlatformIO/Projects/motor_pd_controller/ros2_ws/build/motor_controller': PYTHONPATH=/home/bassdrumm/Documents/PlatformIO/Projects/motor_pd_controller/ros2_ws/build/motor_controller/prefix_override:/home/bassdrumm/.platformio/penv/lib/python3.10/site-packages/colcon_core/task/python/colcon_distutils_commands:/home/bassdrumm/Documents/PlatformIO/Projects/motor_pd_controller/ros2_ws/install/motor_controller/lib/python3.10/site-packages:${PYTHONPATH} /home/bassdrumm/.platformio/penv/bin/python -W ignore:setup.py install is deprecated -W ignore:easy_install command is deprecated setup.py develop --editable --build-directory /home/bassdrumm/Documents/PlatformIO/Projects/motor_pd_controller/ros2_ws/build/motor_controller/build --no-deps
[3.144s] Level 1:colcon.colcon_core.shell:create_environment_hook('motor_controller', 'pythonpath_develop')
[3.145s] INFO:colcon.colcon_core.shell:Creating environment hook '/home/bassdrumm/Documents/PlatformIO/Projects/motor_pd_controller/ros2_ws/build/motor_controller/share/motor_controller/hook/pythonpath_develop.ps1'
[3.147s] INFO:colcon.colcon_core.shell:Creating environment descriptor '/home/bassdrumm/Documents/PlatformIO/Projects/motor_pd_controller/ros2_ws/build/motor_controller/share/motor_controller/hook/pythonpath_develop.dsv'
[3.147s] INFO:colcon.colcon_core.shell:Creating environment hook '/home/bassdrumm/Documents/PlatformIO/Projects/motor_pd_controller/ros2_ws/build/motor_controller/share/motor_controller/hook/pythonpath_develop.sh'
[3.146s] DEBUG:colcon.colcon_core.event_handler.log_command:Invoked command in '/home/bassdrumm/Documents/PlatformIO/Projects/motor_pd_controller/ros2_ws/build/motor_controller' returned '0': PYTHONPATH=/home/bassdrumm/Documents/PlatformIO/Projects/motor_pd_controller/ros2_ws/build/motor_controller/prefix_override:/home/bassdrumm/.platformio/penv/lib/python3.10/site-packages/colcon_core/task/python/colcon_distutils_commands:/home/bassdrumm/Documents/PlatformIO/Projects/motor_pd_controller/ros2_ws/install/motor_controller/lib/python3.10/site-packages:${PYTHONPATH} /home/bassdrumm/.platformio/penv/bin/python -W ignore:setup.py install is deprecated -W ignore:easy_install command is deprecated setup.py develop --editable --build-directory /home/bassdrumm/Documents/PlatformIO/Projects/motor_pd_controller/ros2_ws/build/motor_controller/build --no-deps
[3.162s] Level 1:colcon.colcon_core.environment:checking '/home/bassdrumm/Documents/PlatformIO/Projects/motor_pd_controller/ros2_ws/install/motor_controller' for CMake module files
[3.163s] Level 1:colcon.colcon_core.environment:checking '/home/bassdrumm/Documents/PlatformIO/Projects/motor_pd_controller/ros2_ws/install/motor_controller' for CMake config files
[3.195s] Level 1:colcon.colcon_core.environment:checking '/home/bassdrumm/Documents/PlatformIO/Projects/motor_pd_controller/ros2_ws/install/motor_controller/lib'
[3.196s] Level 1:colcon.colcon_core.environment:checking '/home/bassdrumm/Documents/PlatformIO/Projects/motor_pd_controller/ros2_ws/install/motor_controller/bin'
[3.196s] Level 1:colcon.colcon_core.environment:checking '/home/bassdrumm/Documents/PlatformIO/Projects/motor_pd_controller/ros2_ws/install/motor_controller/lib/pkgconfig/motor_controller.pc'
[3.196s] Level 1:colcon.colcon_core.environment:checking '/home/bassdrumm/Documents/PlatformIO/Projects/motor_pd_controller/ros2_ws/install/motor_controller/lib/python3.10/site-packages'
[3.197s] Level 1:colcon.colcon_core.shell:create_environment_hook('motor_controller', 'pythonpath')
[3.197s] INFO:colcon.colcon_core.shell:Creating environment hook '/home/bassdrumm/Documents/PlatformIO/Projects/motor_pd_controller/ros2_ws/install/motor_controller/share/motor_controller/hook/pythonpath.ps1'
[3.198s] INFO:colcon.colcon_core.shell:Creating environment descriptor '/home/bassdrumm/Documents/PlatformIO/Projects/motor_pd_controller/ros2_ws/install/motor_controller/share/motor_controller/hook/pythonpath.dsv'
[3.199s] INFO:colcon.colcon_core.shell:Creating environment hook '/home/bassdrumm/Documents/PlatformIO/Projects/motor_pd_controller/ros2_ws/install/motor_controller/share/motor_controller/hook/pythonpath.sh'
[3.201s] Level 1:colcon.colcon_core.environment:checking '/home/bassdrumm/Documents/PlatformIO/Projects/motor_pd_controller/ros2_ws/install/motor_controller/bin'
[3.201s] Level 1:colcon.colcon_core.environment:create_environment_scripts_only(motor_controller)
[3.201s] INFO:colcon.colcon_core.shell:Creating package script '/home/bassdrumm/Documents/PlatformIO/Projects/motor_pd_controller/ros2_ws/install/motor_controller/share/motor_controller/package.ps1'
[3.204s] INFO:colcon.colcon_core.shell:Creating package descriptor '/home/bassdrumm/Documents/PlatformIO/Projects/motor_pd_controller/ros2_ws/install/motor_controller/share/motor_controller/package.dsv'
[3.206s] INFO:colcon.colcon_core.shell:Creating package script '/home/bassdrumm/Documents/PlatformIO/Projects/motor_pd_controller/ros2_ws/install/motor_controller/share/motor_controller/package.sh'
[3.208s] INFO:colcon.colcon_core.shell:Creating package script '/home/bassdrumm/Documents/PlatformIO/Projects/motor_pd_controller/ros2_ws/install/motor_controller/share/motor_controller/package.bash'
[3.210s] INFO:colcon.colcon_core.shell:Creating package script '/home/bassdrumm/Documents/PlatformIO/Projects/motor_pd_controller/ros2_ws/install/motor_controller/share/motor_controller/package.zsh'
[3.212s] Level 1:colcon.colcon_core.environment:create_file_with_runtime_dependencies(/home/bassdrumm/Documents/PlatformIO/Projects/motor_pd_controller/ros2_ws/install/motor_controller/share/colcon-core/packages/motor_controller)
[3.212s] DEBUG:colcon.colcon_parallel_executor.executor.parallel:closing loop
[3.213s] DEBUG:colcon.colcon_parallel_executor.executor.parallel:loop closed
[3.213s] DEBUG:colcon.colcon_parallel_executor.executor.parallel:run_until_complete finished with '0'
[3.213s] DEBUG:colcon.colcon_core.event_reactor:joining thread
[3.217s] INFO:colcon.colcon_core.plugin_system:Skipping extension 'colcon_notification.desktop_notification.notify2': 'notify2' not found
[3.217s] INFO:colcon.colcon_core.plugin_system:Skipping extension 'colcon_notification.desktop_notification.terminal_notifier': Not used on non-Darwin systems
[3.217s] INFO:colcon.colcon_core.plugin_system:Skipping extension 'colcon_notification.desktop_notification.win32': Not used on non-Windows systems
[3.218s] INFO:colcon.colcon_notification.desktop_notification:Sending desktop notification using 'notify_send'
[3.325s] DEBUG:colcon.colcon_core.event_reactor:joined thread
[3.326s] INFO:colcon.colcon_core.shell:Creating prefix script '/home/bassdrumm/Documents/PlatformIO/Projects/motor_pd_controller/ros2_ws/install/local_setup.ps1'
[3.335s] INFO:colcon.colcon_core.shell:Creating prefix util module '/home/bassdrumm/Documents/PlatformIO/Projects/motor_pd_controller/ros2_ws/install/_local_setup_util_ps1.py'
[3.359s] INFO:colcon.colcon_core.shell:Creating prefix chain script '/home/bassdrumm/Documents/PlatformIO/Projects/motor_pd_controller/ros2_ws/install/setup.ps1'
[3.366s] INFO:colcon.colcon_core.shell:Creating prefix script '/home/bassdrumm/Documents/PlatformIO/Projects/motor_pd_controller/ros2_ws/install/local_setup.sh'
[3.371s] INFO:colcon.colcon_core.shell:Creating prefix util module '/home/bassdrumm/Documents/PlatformIO/Projects/motor_pd_controller/ros2_ws/install/_local_setup_util_sh.py'
[3.376s] INFO:colcon.colcon_core.shell:Creating prefix chain script '/home/bassdrumm/Documents/PlatformIO/Projects/motor_pd_controller/ros2_ws/install/setup.sh'
[3.379s] INFO:colcon.colcon_core.shell:Creating prefix script '/home/bassdrumm/Documents/PlatformIO/Projects/motor_pd_controller/ros2_ws/install/local_setup.bash'
[3.383s] INFO:colcon.colcon_core.shell:Creating prefix chain script '/home/bassdrumm/Documents/PlatformIO/Projects/motor_pd_controller/ros2_ws/install/setup.bash'
[3.388s] INFO:colcon.colcon_core.shell:Creating prefix script '/home/bassdrumm/Documents/PlatformIO/Projects/motor_pd_controller/ros2_ws/install/local_setup.zsh'
[3.392s] INFO:colcon.colcon_core.shell:Creating prefix chain script '/home/bassdrumm/Documents/PlatformIO/Projects/motor_pd_controller/ros2_ws/install/setup.zsh'
