running develop
Removing /home/bassdrumm/Documents/PlatformIO/Projects/motor_pd_controller/ros2_ws/install/motor_controller/lib/python3.10/site-packages/motor-controller.egg-link (link to .)
running egg_info
writing ../../build/motor_controller/motor_controller.egg-info/PKG-INFO
writing dependency_links to ../../build/motor_controller/motor_controller.egg-info/dependency_links.txt
writing entry points to ../../build/motor_controller/motor_controller.egg-info/entry_points.txt
writing requirements to ../../build/motor_controller/motor_controller.egg-info/requires.txt
writing top-level names to ../../build/motor_controller/motor_controller.egg-info/top_level.txt
reading manifest file '../../build/motor_controller/motor_controller.egg-info/SOURCES.txt'
writing manifest file '../../build/motor_controller/motor_controller.egg-info/SOURCES.txt'
running build
running build_py
creating /home/bassdrumm/Documents/PlatformIO/Projects/motor_pd_controller/ros2_ws/build/motor_controller/build
creating /home/bassdrumm/Documents/PlatformIO/Projects/motor_pd_controller/ros2_ws/build/motor_controller/build/lib
creating /home/bassdrumm/Documents/PlatformIO/Projects/motor_pd_controller/ros2_ws/build/motor_controller/build/lib/motor_controller
copying motor_controller/pd_gui_node.py -> /home/bassdrumm/Documents/PlatformIO/Projects/motor_pd_controller/ros2_ws/build/motor_controller/build/lib/motor_controller
copying motor_controller/__init__.py -> /home/bassdrumm/Documents/PlatformIO/Projects/motor_pd_controller/ros2_ws/build/motor_controller/build/lib/motor_controller
running install
running install_lib
creating /home/bassdrumm/Documents/PlatformIO/Projects/motor_pd_controller/ros2_ws/install/motor_controller/lib/python3.10/site-packages/motor_controller
copying /home/bassdrumm/Documents/PlatformIO/Projects/motor_pd_controller/ros2_ws/build/motor_controller/build/lib/motor_controller/pd_gui_node.py -> /home/bassdrumm/Documents/PlatformIO/Projects/motor_pd_controller/ros2_ws/install/motor_controller/lib/python3.10/site-packages/motor_controller
copying /home/bassdrumm/Documents/PlatformIO/Projects/motor_pd_controller/ros2_ws/build/motor_controller/build/lib/motor_controller/__init__.py -> /home/bassdrumm/Documents/PlatformIO/Projects/motor_pd_controller/ros2_ws/install/motor_controller/lib/python3.10/site-packages/motor_controller
byte-compiling /home/bassdrumm/Documents/PlatformIO/Projects/motor_pd_controller/ros2_ws/install/motor_controller/lib/python3.10/site-packages/motor_controller/pd_gui_node.py to pd_gui_node.cpython-310.pyc
byte-compiling /home/bassdrumm/Documents/PlatformIO/Projects/motor_pd_controller/ros2_ws/install/motor_controller/lib/python3.10/site-packages/motor_controller/__init__.py to __init__.cpython-310.pyc
running install_egg_info
Copying ../../build/motor_controller/motor_controller.egg-info to /home/bassdrumm/Documents/PlatformIO/Projects/motor_pd_controller/ros2_ws/install/motor_controller/lib/python3.10/site-packages/motor_controller-0.0.1-py3.10.egg-info
running install_scripts
Installing pd_gui script to /home/bassdrumm/Documents/PlatformIO/Projects/motor_pd_controller/ros2_ws/install/motor_controller/lib/motor_controller
writing list of installed files to '/home/bassdrumm/Documents/PlatformIO/Projects/motor_pd_controller/ros2_ws/build/motor_controller/install.log'
