[1.604s] Invoking command in '/home/bassdrumm/Documents/PlatformIO/Projects/motor_pd_controller/ros2_ws/build/motor_controller': PYTHONPATH=/home/bassdrumm/Documents/PlatformIO/Projects/motor_pd_controller/ros2_ws/build/motor_controller/prefix_override:/home/bassdrumm/.platformio/penv/lib/python3.10/site-packages/colcon_core/task/python/colcon_distutils_commands:/home/bassdrumm/Documents/PlatformIO/Projects/motor_pd_controller/ros2_ws/install/motor_controller/lib/python3.10/site-packages:${PYTHONPATH} /home/bassdrumm/.platformio/penv/bin/python -W ignore:setup.py install is deprecated -W ignore:easy_install command is deprecated setup.py develop --uninstall --editable --build-directory /home/bassdrumm/Documents/PlatformIO/Projects/motor_pd_controller/ros2_ws/build/motor_controller/build
[2.230s] running develop
[2.492s] Removing /home/bassdrumm/Documents/PlatformIO/Projects/motor_pd_controller/ros2_ws/install/motor_controller/lib/python3.10/site-packages/motor-controller.egg-link (link to .)
[2.563s] Invoked command in '/home/bassdrumm/Documents/PlatformIO/Projects/motor_pd_controller/ros2_ws/build/motor_controller' returned '0': PYTHONPATH=/home/bassdrumm/Documents/PlatformIO/Projects/motor_pd_controller/ros2_ws/build/motor_controller/prefix_override:/home/bassdrumm/.platformio/penv/lib/python3.10/site-packages/colcon_core/task/python/colcon_distutils_commands:/home/bassdrumm/Documents/PlatformIO/Projects/motor_pd_controller/ros2_ws/install/motor_controller/lib/python3.10/site-packages:${PYTHONPATH} /home/bassdrumm/.platformio/penv/bin/python -W ignore:setup.py install is deprecated -W ignore:easy_install command is deprecated setup.py develop --uninstall --editable --build-directory /home/bassdrumm/Documents/PlatformIO/Projects/motor_pd_controller/ros2_ws/build/motor_controller/build
[2.571s] Invoking command in '/home/bassdrumm/Documents/PlatformIO/Projects/motor_pd_controller/ros2_ws/src/motor_controller': PYTHONPATH=/home/bassdrumm/Documents/PlatformIO/Projects/motor_pd_controller/ros2_ws/build/motor_controller/prefix_override:/home/bassdrumm/.platformio/penv/lib/python3.10/site-packages/colcon_core/task/python/colcon_distutils_commands:/home/bassdrumm/Documents/PlatformIO/Projects/motor_pd_controller/ros2_ws/install/motor_controller/lib/python3.10/site-packages:${PYTHONPATH} /home/bassdrumm/.platformio/penv/bin/python -W ignore:setup.py install is deprecated -W ignore:easy_install command is deprecated setup.py egg_info --egg-base ../../build/motor_controller build --build-base /home/bassdrumm/Documents/PlatformIO/Projects/motor_pd_controller/ros2_ws/build/motor_controller/build install --record /home/bassdrumm/Documents/PlatformIO/Projects/motor_pd_controller/ros2_ws/build/motor_controller/install.log --single-version-externally-managed
[3.136s] running egg_info
[3.137s] writing ../../build/motor_controller/motor_controller.egg-info/PKG-INFO
[3.138s] writing dependency_links to ../../build/motor_controller/motor_controller.egg-info/dependency_links.txt
[3.138s] writing entry points to ../../build/motor_controller/motor_controller.egg-info/entry_points.txt
[3.139s] writing requirements to ../../build/motor_controller/motor_controller.egg-info/requires.txt
[3.139s] writing top-level names to ../../build/motor_controller/motor_controller.egg-info/top_level.txt
[3.139s] reading manifest file '../../build/motor_controller/motor_controller.egg-info/SOURCES.txt'
[3.141s] writing manifest file '../../build/motor_controller/motor_controller.egg-info/SOURCES.txt'
[3.142s] running build
[3.142s] running build_py
[3.143s] creating /home/bassdrumm/Documents/PlatformIO/Projects/motor_pd_controller/ros2_ws/build/motor_controller/build
[3.143s] creating /home/bassdrumm/Documents/PlatformIO/Projects/motor_pd_controller/ros2_ws/build/motor_controller/build/lib
[3.143s] creating /home/bassdrumm/Documents/PlatformIO/Projects/motor_pd_controller/ros2_ws/build/motor_controller/build/lib/motor_controller
[3.143s] copying motor_controller/pd_gui_node.py -> /home/bassdrumm/Documents/PlatformIO/Projects/motor_pd_controller/ros2_ws/build/motor_controller/build/lib/motor_controller
[3.143s] copying motor_controller/__init__.py -> /home/bassdrumm/Documents/PlatformIO/Projects/motor_pd_controller/ros2_ws/build/motor_controller/build/lib/motor_controller
[3.144s] running install
[3.144s] running install_lib
[3.146s] creating /home/bassdrumm/Documents/PlatformIO/Projects/motor_pd_controller/ros2_ws/install/motor_controller/lib/python3.10/site-packages/motor_controller
[3.147s] copying /home/bassdrumm/Documents/PlatformIO/Projects/motor_pd_controller/ros2_ws/build/motor_controller/build/lib/motor_controller/pd_gui_node.py -> /home/bassdrumm/Documents/PlatformIO/Projects/motor_pd_controller/ros2_ws/install/motor_controller/lib/python3.10/site-packages/motor_controller
[3.147s] copying /home/bassdrumm/Documents/PlatformIO/Projects/motor_pd_controller/ros2_ws/build/motor_controller/build/lib/motor_controller/__init__.py -> /home/bassdrumm/Documents/PlatformIO/Projects/motor_pd_controller/ros2_ws/install/motor_controller/lib/python3.10/site-packages/motor_controller
[3.147s] byte-compiling /home/bassdrumm/Documents/PlatformIO/Projects/motor_pd_controller/ros2_ws/install/motor_controller/lib/python3.10/site-packages/motor_controller/pd_gui_node.py to pd_gui_node.cpython-310.pyc
[3.153s] byte-compiling /home/bassdrumm/Documents/PlatformIO/Projects/motor_pd_controller/ros2_ws/install/motor_controller/lib/python3.10/site-packages/motor_controller/__init__.py to __init__.cpython-310.pyc
[3.153s] running install_egg_info
[3.166s] Copying ../../build/motor_controller/motor_controller.egg-info to /home/bassdrumm/Documents/PlatformIO/Projects/motor_pd_controller/ros2_ws/install/motor_controller/lib/python3.10/site-packages/motor_controller-0.0.1-py3.10.egg-info
[3.172s] running install_scripts
[3.218s] Installing pd_gui script to /home/bassdrumm/Documents/PlatformIO/Projects/motor_pd_controller/ros2_ws/install/motor_controller/lib/motor_controller
[3.219s] writing list of installed files to '/home/bassdrumm/Documents/PlatformIO/Projects/motor_pd_controller/ros2_ws/build/motor_controller/install.log'
[3.279s] Invoked command in '/home/bassdrumm/Documents/PlatformIO/Projects/motor_pd_controller/ros2_ws/src/motor_controller' returned '0': PYTHONPATH=/home/bassdrumm/Documents/PlatformIO/Projects/motor_pd_controller/ros2_ws/build/motor_controller/prefix_override:/home/bassdrumm/.platformio/penv/lib/python3.10/site-packages/colcon_core/task/python/colcon_distutils_commands:/home/bassdrumm/Documents/PlatformIO/Projects/motor_pd_controller/ros2_ws/install/motor_controller/lib/python3.10/site-packages:${PYTHONPATH} /home/bassdrumm/.platformio/penv/bin/python -W ignore:setup.py install is deprecated -W ignore:easy_install command is deprecated setup.py egg_info --egg-base ../../build/motor_controller build --build-base /home/bassdrumm/Documents/PlatformIO/Projects/motor_pd_controller/ros2_ws/build/motor_controller/build install --record /home/bassdrumm/Documents/PlatformIO/Projects/motor_pd_controller/ros2_ws/build/motor_controller/install.log --single-version-externally-managed
