[1.814s] Invoking command in '/home/bassdrumm/Documents/PlatformIO/Projects/motor_pd_controller/ros2_ws/src/motor_controller': PYTHONPATH=/home/bassdrumm/Documents/PlatformIO/Projects/motor_pd_controller/ros2_ws/build/motor_controller/prefix_override:/home/bassdrumm/.platformio/penv/lib/python3.10/site-packages/colcon_core/task/python/colcon_distutils_commands:/home/bassdrumm/Documents/PlatformIO/Projects/motor_pd_controller/ros2_ws/install/motor_controller/lib/python3.10/site-packages:${PYTHONPATH} /home/bassdrumm/.platformio/penv/bin/python -W ignore:setup.py install is deprecated -W ignore:easy_install command is deprecated setup.py egg_info --egg-base ../../build/motor_controller build --build-base /home/bassdrumm/Documents/PlatformIO/Projects/motor_pd_controller/ros2_ws/build/motor_controller/build install --record /home/bassdrumm/Documents/PlatformIO/Projects/motor_pd_controller/ros2_ws/build/motor_controller/install.log --single-version-externally-managed
[2.651s] running egg_info
[2.661s] writing ../../build/motor_controller/motor_controller.egg-info/PKG-INFO
[2.662s] writing dependency_links to ../../build/motor_controller/motor_controller.egg-info/dependency_links.txt
[2.662s] writing entry points to ../../build/motor_controller/motor_controller.egg-info/entry_points.txt
[2.663s] writing requirements to ../../build/motor_controller/motor_controller.egg-info/requires.txt
[2.669s] writing top-level names to ../../build/motor_controller/motor_controller.egg-info/top_level.txt
[2.673s] reading manifest file '../../build/motor_controller/motor_controller.egg-info/SOURCES.txt'
[2.674s] writing manifest file '../../build/motor_controller/motor_controller.egg-info/SOURCES.txt'
[2.674s] running build
[2.678s] running build_py
[2.679s] copying motor_controller/pd_gui_node.py -> /home/bassdrumm/Documents/PlatformIO/Projects/motor_pd_controller/ros2_ws/build/motor_controller/build/lib/motor_controller
[2.685s] running install
[2.685s] running install_lib
[2.685s] copying /home/bassdrumm/Documents/PlatformIO/Projects/motor_pd_controller/ros2_ws/build/motor_controller/build/lib/motor_controller/pd_gui_node.py -> /home/bassdrumm/Documents/PlatformIO/Projects/motor_pd_controller/ros2_ws/install/motor_controller/lib/python3.10/site-packages/motor_controller
[2.685s] byte-compiling /home/bassdrumm/Documents/PlatformIO/Projects/motor_pd_controller/ros2_ws/install/motor_controller/lib/python3.10/site-packages/motor_controller/pd_gui_node.py to pd_gui_node.cpython-310.pyc
[2.690s] running install_egg_info
[2.694s] removing '/home/bassdrumm/Documents/PlatformIO/Projects/motor_pd_controller/ros2_ws/install/motor_controller/lib/python3.10/site-packages/motor_controller-0.0.1-py3.10.egg-info' (and everything under it)
[2.695s] Copying ../../build/motor_controller/motor_controller.egg-info to /home/bassdrumm/Documents/PlatformIO/Projects/motor_pd_controller/ros2_ws/install/motor_controller/lib/python3.10/site-packages/motor_controller-0.0.1-py3.10.egg-info
[2.697s] running install_scripts
[2.764s] Installing pd_gui script to /home/bassdrumm/Documents/PlatformIO/Projects/motor_pd_controller/ros2_ws/install/motor_controller/lib/motor_controller
[2.764s] writing list of installed files to '/home/bassdrumm/Documents/PlatformIO/Projects/motor_pd_controller/ros2_ws/build/motor_controller/install.log'
[2.830s] Invoked command in '/home/bassdrumm/Documents/PlatformIO/Projects/motor_pd_controller/ros2_ws/src/motor_controller' returned '0': PYTHONPATH=/home/bassdrumm/Documents/PlatformIO/Projects/motor_pd_controller/ros2_ws/build/motor_controller/prefix_override:/home/bassdrumm/.platformio/penv/lib/python3.10/site-packages/colcon_core/task/python/colcon_distutils_commands:/home/bassdrumm/Documents/PlatformIO/Projects/motor_pd_controller/ros2_ws/install/motor_controller/lib/python3.10/site-packages:${PYTHONPATH} /home/bassdrumm/.platformio/penv/bin/python -W ignore:setup.py install is deprecated -W ignore:easy_install command is deprecated setup.py egg_info --egg-base ../../build/motor_controller build --build-base /home/bassdrumm/Documents/PlatformIO/Projects/motor_pd_controller/ros2_ws/build/motor_controller/build install --record /home/bassdrumm/Documents/PlatformIO/Projects/motor_pd_controller/ros2_ws/build/motor_controller/install.log --single-version-externally-managed
